led_display.c:8:6:Display7Seg	16	static
led_display.c:100:6:Display	16	static
led_display.c:169:6:DisplayREDX	8	static
led_display.c:174:6:DisplayYELLOWX	8	static
led_display.c:179:6:DisplayGREENX	8	static
led_display.c:184:6:DisplayREDY	8	static
led_display.c:189:6:DisplayYELLOWY	8	static
led_display.c:194:6:DisplayGREENY	8	static
led_display.c:199:6:DisplayMAN_REDX	8	static
led_display.c:202:6:DisplayMAN_REDY	8	static
led_display.c:205:6:DisplayMAN_GREENX	8	static
led_display.c:208:6:DisplayMAN_GREENY	8	static
led_display.c:211:6:DisplayMAN_YELLOWX	8	static
led_display.c:214:6:DisplayMAN_YELLOWY	8	static
led_display.c:217:6:InitLED	8	static
