Archive member included to satisfy reference by file (symbol)

g:/st/stm32cubeide_1.7.0/stm32cubeide/plugins/com.st.stm32cube.ide.mcu.externaltools.gnu-tools-for-stm32.9-2020-q2-update.win32_2.0.0.202105311346/tools/bin/../lib/gcc/arm-none-eabi/9.3.1/../../../../arm-none-eabi/lib/thumb/v7-m/nofp\libc_nano.a(lib_a-errno.o)
                              ./Core/Src/syscalls.o (__errno)
g:/st/stm32cubeide_1.7.0/stm32cubeide/plugins/com.st.stm32cube.ide.mcu.externaltools.gnu-tools-for-stm32.9-2020-q2-update.win32_2.0.0.202105311346/tools/bin/../lib/gcc/arm-none-eabi/9.3.1/../../../../arm-none-eabi/lib/thumb/v7-m/nofp\libc_nano.a(lib_a-exit.o)
                              g:/st/stm32cubeide_1.7.0/stm32cubeide/plugins/com.st.stm32cube.ide.mcu.externaltools.gnu-tools-for-stm32.9-2020-q2-update.win32_2.0.0.202105311346/tools/bin/../lib/gcc/arm-none-eabi/9.3.1/../../../../arm-none-eabi/lib/thumb/v7-m/nofp/crt0.o (exit)
g:/st/stm32cubeide_1.7.0/stm32cubeide/plugins/com.st.stm32cube.ide.mcu.externaltools.gnu-tools-for-stm32.9-2020-q2-update.win32_2.0.0.202105311346/tools/bin/../lib/gcc/arm-none-eabi/9.3.1/../../../../arm-none-eabi/lib/thumb/v7-m/nofp\libc_nano.a(lib_a-impure.o)
                              g:/st/stm32cubeide_1.7.0/stm32cubeide/plugins/com.st.stm32cube.ide.mcu.externaltools.gnu-tools-for-stm32.9-2020-q2-update.win32_2.0.0.202105311346/tools/bin/../lib/gcc/arm-none-eabi/9.3.1/../../../../arm-none-eabi/lib/thumb/v7-m/nofp\libc_nano.a(lib_a-exit.o) (_global_impure_ptr)
g:/st/stm32cubeide_1.7.0/stm32cubeide/plugins/com.st.stm32cube.ide.mcu.externaltools.gnu-tools-for-stm32.9-2020-q2-update.win32_2.0.0.202105311346/tools/bin/../lib/gcc/arm-none-eabi/9.3.1/../../../../arm-none-eabi/lib/thumb/v7-m/nofp\libc_nano.a(lib_a-init.o)
                              g:/st/stm32cubeide_1.7.0/stm32cubeide/plugins/com.st.stm32cube.ide.mcu.externaltools.gnu-tools-for-stm32.9-2020-q2-update.win32_2.0.0.202105311346/tools/bin/../lib/gcc/arm-none-eabi/9.3.1/../../../../arm-none-eabi/lib/thumb/v7-m/nofp/crt0.o (__libc_init_array)
g:/st/stm32cubeide_1.7.0/stm32cubeide/plugins/com.st.stm32cube.ide.mcu.externaltools.gnu-tools-for-stm32.9-2020-q2-update.win32_2.0.0.202105311346/tools/bin/../lib/gcc/arm-none-eabi/9.3.1/../../../../arm-none-eabi/lib/thumb/v7-m/nofp\libc_nano.a(lib_a-memset.o)
                              g:/st/stm32cubeide_1.7.0/stm32cubeide/plugins/com.st.stm32cube.ide.mcu.externaltools.gnu-tools-for-stm32.9-2020-q2-update.win32_2.0.0.202105311346/tools/bin/../lib/gcc/arm-none-eabi/9.3.1/../../../../arm-none-eabi/lib/thumb/v7-m/nofp/crt0.o (memset)

Allocating common symbols
Common symbol       size              file

timer_counter       0x28              ./Core/Src/timer.o
uwTick              0x4               ./Drivers/STM32F1xx_HAL_Driver/Src/stm32f1xx_hal.o
pFlash              0x20              ./Drivers/STM32F1xx_HAL_Driver/Src/stm32f1xx_hal_flash.o
timer_flag          0x28              ./Core/Src/timer.o
htim2               0x48              ./Core/Src/main.o

Discarded input sections

 .text          0x0000000000000000        0x0 g:/st/stm32cubeide_1.7.0/stm32cubeide/plugins/com.st.stm32cube.ide.mcu.externaltools.gnu-tools-for-stm32.9-2020-q2-update.win32_2.0.0.202105311346/tools/bin/../lib/gcc/arm-none-eabi/9.3.1/thumb/v7-m/nofp/crti.o
 .data          0x0000000000000000        0x0 g:/st/stm32cubeide_1.7.0/stm32cubeide/plugins/com.st.stm32cube.ide.mcu.externaltools.gnu-tools-for-stm32.9-2020-q2-update.win32_2.0.0.202105311346/tools/bin/../lib/gcc/arm-none-eabi/9.3.1/thumb/v7-m/nofp/crti.o
 .bss           0x0000000000000000        0x0 g:/st/stm32cubeide_1.7.0/stm32cubeide/plugins/com.st.stm32cube.ide.mcu.externaltools.gnu-tools-for-stm32.9-2020-q2-update.win32_2.0.0.202105311346/tools/bin/../lib/gcc/arm-none-eabi/9.3.1/thumb/v7-m/nofp/crti.o
 .data          0x0000000000000000        0x4 g:/st/stm32cubeide_1.7.0/stm32cubeide/plugins/com.st.stm32cube.ide.mcu.externaltools.gnu-tools-for-stm32.9-2020-q2-update.win32_2.0.0.202105311346/tools/bin/../lib/gcc/arm-none-eabi/9.3.1/thumb/v7-m/nofp/crtbegin.o
 .text          0x0000000000000000       0x7c g:/st/stm32cubeide_1.7.0/stm32cubeide/plugins/com.st.stm32cube.ide.mcu.externaltools.gnu-tools-for-stm32.9-2020-q2-update.win32_2.0.0.202105311346/tools/bin/../lib/gcc/arm-none-eabi/9.3.1/../../../../arm-none-eabi/lib/thumb/v7-m/nofp/crt0.o
 .data          0x0000000000000000        0x0 g:/st/stm32cubeide_1.7.0/stm32cubeide/plugins/com.st.stm32cube.ide.mcu.externaltools.gnu-tools-for-stm32.9-2020-q2-update.win32_2.0.0.202105311346/tools/bin/../lib/gcc/arm-none-eabi/9.3.1/../../../../arm-none-eabi/lib/thumb/v7-m/nofp/crt0.o
 .bss           0x0000000000000000        0x0 g:/st/stm32cubeide_1.7.0/stm32cubeide/plugins/com.st.stm32cube.ide.mcu.externaltools.gnu-tools-for-stm32.9-2020-q2-update.win32_2.0.0.202105311346/tools/bin/../lib/gcc/arm-none-eabi/9.3.1/../../../../arm-none-eabi/lib/thumb/v7-m/nofp/crt0.o
[...]
Memory Configuration

Name             Origin             Length             Attributes
RAM              0x0000000020000000 0x0000000000002800 xrw
FLASH            0x0000000008000000 0x0000000000008000 xr
*default*        0x0000000000000000 0xffffffffffffffff

Linker script and memory map

LOAD g:/st/stm32cubeide_1.7.0/stm32cubeide/plugins/com.st.stm32cube.ide.mcu.externaltools.gnu-tools-for-stm32.9-2020-q2-update.win32_2.0.0.202105311346/tools/bin/../lib/gcc/arm-none-eabi/9.3.1/thumb/v7-m/nofp/crti.o
LOAD g:/st/stm32cubeide_1.7.0/stm32cubeide/plugins/com.st.stm32cube.ide.mcu.externaltools.gnu-tools-for-stm32.9-2020-q2-update.win32_2.0.0.202105311346/tools/bin/../lib/gcc/arm-none-eabi/9.3.1/thumb/v7-m/nofp/crtbegin.o
LOAD g:/st/stm32cubeide_1.7.0/stm32cubeide/plugins/com.st.stm32cube.ide.mcu.externaltools.gnu-tools-for-stm32.9-2020-q2-update.win32_2.0.0.202105311346/tools/bin/../lib/gcc/arm-none-eabi/9.3.1/../../../../arm-none-eabi/lib/thumb/v7-m/nofp/crt0.o
LOAD ./Core/Src/button.o
LOAD ./Core/Src/fsm_automatic.o
LOAD ./Core/Src/fsm_manual.o
LOAD ./Core/Src/global.o
LOAD ./Core/Src/input_processing.o
LOAD ./Core/Src/input_reading.o
LOAD ./Core/Src/led_display.o
LOAD ./Core/Src/main.o
LOAD ./Core/Src/stm32f1xx_hal_msp.o
LOAD ./Core/Src/stm32f1xx_it.o
LOAD ./Core/Src/syscalls.o
LOAD ./Core/Src/sysmem.o
LOAD ./Core/Src/system_stm32f1xx.o
LOAD ./Core/Src/timer.o
LOAD ./Core/Startup/startup_stm32f103c6ux.o
LOAD ./Drivers/STM32F1xx_HAL_Driver/Src/stm32f1xx_hal.o
LOAD ./Drivers/STM32F1xx_HAL_Driver/Src/stm32f1xx_hal_cortex.o
LOAD ./Drivers/STM32F1xx_HAL_Driver/Src/stm32f1xx_hal_dma.o
LOAD ./Drivers/STM32F1xx_HAL_Driver/Src/stm32f1xx_hal_exti.o
LOAD ./Drivers/STM32F1xx_HAL_Driver/Src/stm32f1xx_hal_flash.o
LOAD ./Drivers/STM32F1xx_HAL_Driver/Src/stm32f1xx_hal_flash_ex.o
LOAD ./Drivers/STM32F1xx_HAL_Driver/Src/stm32f1xx_hal_gpio.o
LOAD ./Drivers/STM32F1xx_HAL_Driver/Src/stm32f1xx_hal_gpio_ex.o
LOAD ./Drivers/STM32F1xx_HAL_Driver/Src/stm32f1xx_hal_pwr.o
LOAD ./Drivers/STM32F1xx_HAL_Driver/Src/stm32f1xx_hal_rcc.o
LOAD ./Drivers/STM32F1xx_HAL_Driver/Src/stm32f1xx_hal_rcc_ex.o
LOAD ./Drivers/STM32F1xx_HAL_Driver/Src/stm32f1xx_hal_tim.o
LOAD ./Drivers/STM32F1xx_HAL_Driver/Src/stm32f1xx_hal_tim_ex.o
START GROUP
LOAD g:/st/stm32cubeide_1.7.0/stm32cubeide/plugins/com.st.stm32cube.ide.mcu.externaltools.gnu-tools-for-stm32.9-2020-q2-update.win32_2.0.0.202105311346/tools/bin/../lib/gcc/arm-none-eabi/9.3.1/../../../../arm-none-eabi/lib/thumb/v7-m/nofp\libc_nano.a
LOAD g:/st/stm32cubeide_1.7.0/stm32cubeide/plugins/com.st.stm32cube.ide.mcu.externaltools.gnu-tools-for-stm32.9-2020-q2-update.win32_2.0.0.202105311346/tools/bin/../lib/gcc/arm-none-eabi/9.3.1/../../../../arm-none-eabi/lib/thumb/v7-m/nofp\libm.a
END GROUP
START GROUP
LOAD g:/st/stm32cubeide_1.7.0/stm32cubeide/plugins/com.st.stm32cube.ide.mcu.externaltools.gnu-tools-for-stm32.9-2020-q2-update.win32_2.0.0.202105311346/tools/bin/../lib/gcc/arm-none-eabi/9.3.1/thumb/v7-m/nofp\libgcc.a
LOAD g:/st/stm32cubeide_1.7.0/stm32cubeide/plugins/com.st.stm32cube.ide.mcu.externaltools.gnu-tools-for-stm32.9-2020-q2-update.win32_2.0.0.202105311346/tools/bin/../lib/gcc/arm-none-eabi/9.3.1/../../../../arm-none-eabi/lib/thumb/v7-m/nofp\libc_nano.a
END GROUP
START GROUP
LOAD g:/st/stm32cubeide_1.7.0/stm32cubeide/plugins/com.st.stm32cube.ide.mcu.externaltools.gnu-tools-for-stm32.9-2020-q2-update.win32_2.0.0.202105311346/tools/bin/../lib/gcc/arm-none-eabi/9.3.1/thumb/v7-m/nofp\libgcc.a
LOAD g:/st/stm32cubeide_1.7.0/stm32cubeide/plugins/com.st.stm32cube.ide.mcu.externaltools.gnu-tools-for-stm32.9-2020-q2-update.win32_2.0.0.202105311346/tools/bin/../lib/gcc/arm-none-eabi/9.3.1/../../../../arm-none-eabi/lib/thumb/v7-m/nofp\libc_nano.a
LOAD g:/st/stm32cubeide_1.7.0/stm32cubeide/plugins/com.st.stm32cube.ide.mcu.externaltools.gnu-tools-for-stm32.9-2020-q2-update.win32_2.0.0.202105311346/tools/bin/../lib/gcc/arm-none-eabi/9.3.1/../../../../arm-none-eabi/lib/thumb/v7-m/nofp\libnosys.a
END GROUP
START GROUP
LOAD g:/st/stm32cubeide_1.7.0/stm32cubeide/plugins/com.st.stm32cube.ide.mcu.externaltools.gnu-tools-for-stm32.9-2020-q2-update.win32_2.0.0.202105311346/tools/bin/../lib/gcc/arm-none-eabi/9.3.1/thumb/v7-m/nofp\libgcc.a
LOAD g:/st/stm32cubeide_1.7.0/stm32cubeide/plugins/com.st.stm32cube.ide.mcu.externaltools.gnu-tools-for-stm32.9-2020-q2-update.win32_2.0.0.202105311346/tools/bin/../lib/gcc/arm-none-eabi/9.3.1/../../../../arm-none-eabi/lib/thumb/v7-m/nofp\libc_nano.a
LOAD g:/st/stm32cubeide_1.7.0/stm32cubeide/plugins/com.st.stm32cube.ide.mcu.externaltools.gnu-tools-for-stm32.9-2020-q2-update.win32_2.0.0.202105311346/tools/bin/../lib/gcc/arm-none-eabi/9.3.1/../../../../arm-none-eabi/lib/thumb/v7-m/nofp\libnosys.a
END GROUP
LOAD g:/st/stm32cubeide_1.7.0/stm32cubeide/plugins/com.st.stm32cube.ide.mcu.externaltools.gnu-tools-for-stm32.9-2020-q2-update.win32_2.0.0.202105311346/tools/bin/../lib/gcc/arm-none-eabi/9.3.1/thumb/v7-m/nofp/crtend.o
LOAD g:/st/stm32cubeide_1.7.0/stm32cubeide/plugins/com.st.stm32cube.ide.mcu.externaltools.gnu-tools-for-stm32.9-2020-q2-update.win32_2.0.0.202105311346/tools/bin/../lib/gcc/arm-none-eabi/9.3.1/thumb/v7-m/nofp/crtn.o
                0x0000000020002800                _estack = (ORIGIN (RAM) + LENGTH (RAM))
                0x0000000000000200                _Min_Heap_Size = 0x200
                0x0000000000000400                _Min_Stack_Size = 0x400

.isr_vector     0x0000000008000000      0x10c
                0x0000000008000000                . = ALIGN (0x4)
 *(.isr_vector)
 .isr_vector    0x0000000008000000      0x10c ./Core/Startup/startup_stm32f103c6ux.o
                0x0000000008000000                g_pfnVectors
                0x000000000800010c                . = ALIGN (0x4)

.text           0x000000000800010c     0x2f38
                0x000000000800010c                . = ALIGN (0x4)
 *(.text)
 .text          0x000000000800010c       0x40 g:/st/stm32cubeide_1.7.0/stm32cubeide/plugins/com.st.stm32cube.ide.mcu.externaltools.gnu-tools-for-stm32.9-2020-q2-update.win32_2.0.0.202105311346/tools/bin/../lib/gcc/arm-none-eabi/9.3.1/thumb/v7-m/nofp/crtbegin.o
 *(.text*)
 .text.SetMode  0x000000000800014c      0x118 ./Core/Src/fsm_automatic.o
                0x000000000800014c                SetMode
 .text.ChangeModeX
                0x0000000008000264       0x6c ./Core/Src/fsm_automatic.o
                0x0000000008000264                ChangeModeX
 .text.ChangeModeY
                0x00000000080002d0       0x6c ./Core/Src/fsm_automatic.o
                0x00000000080002d0                ChangeModeY
 .text.fsm_clock
                0x000000000800033c      0x118 ./Core/Src/fsm_automatic.o
                0x000000000800033c                fsm_clock
 .text.fsm_mode
                0x0000000008000454       0xbc ./Core/Src/fsm_automatic.o
                0x0000000008000454                fsm_mode
 .text.fsm_automatic_runx
                0x0000000008000510      0x140 ./Core/Src/fsm_automatic.o
                0x0000000008000510                fsm_automatic_runx
 .text.fsm_automatic_runy
                0x0000000008000650      0x200 ./Core/Src/fsm_automatic.o
                0x0000000008000650                fsm_automatic_runy
 .text.fsm_manual_run1
                0x0000000008000850      0x11c ./Core/Src/fsm_manual.o
                0x0000000008000850                fsm_manual_run1
 .text.fsm_manual_run2
                0x000000000800096c       0xc4 ./Core/Src/fsm_manual.o
                0x000000000800096c                fsm_manual_run2
 .text.fsm_for_input_processing1
                0x0000000008000a30       0xac ./Core/Src/input_processing.o
                0x0000000008000a30                fsm_for_input_processing1
 .text.fsm_for_input_processing2
                0x0000000008000adc       0xa4 ./Core/Src/input_processing.o
                0x0000000008000adc                fsm_for_input_processing2
 .text.fsm_for_input_processing3
                0x0000000008000b80       0x7c ./Core/Src/input_processing.o
                0x0000000008000b80                fsm_for_input_processing3
 .text.Button1Run
                0x0000000008000bfc       0x18 ./Core/Src/input_reading.o
                0x0000000008000bfc                Button1Run
 .text.ProcessButton1
                0x0000000008000c14       0x24 ./Core/Src/input_reading.o
                0x0000000008000c14                ProcessButton1
 .text.Button2Run
                0x0000000008000c38       0x18 ./Core/Src/input_reading.o
                0x0000000008000c38                Button2Run
 .text.ProcessButton2
                0x0000000008000c50       0x24 ./Core/Src/input_reading.o
                0x0000000008000c50                ProcessButton2
 .text.Button3Run
                0x0000000008000c74       0x18 ./Core/Src/input_reading.o
                0x0000000008000c74                Button3Run
 .text.ProcessButton3
                0x0000000008000c8c       0x24 ./Core/Src/input_reading.o
                0x0000000008000c8c                ProcessButton3
 .text.button_reading
                0x0000000008000cb0      0x150 ./Core/Src/input_reading.o
                0x0000000008000cb0                button_reading
 .text.is_button_pressed
                0x0000000008000e00       0x34 ./Core/Src/input_reading.o
                0x0000000008000e00                is_button_pressed
 .text.is_button_pressed_1s
                0x0000000008000e34       0x34 ./Core/Src/input_reading.o
                0x0000000008000e34                is_button_pressed_1s
 .text.Display7Seg
                0x0000000008000e68      0x38c ./Core/Src/led_display.o
                0x0000000008000e68                Display7Seg
 .text.Display  0x00000000080011f4       0xfc ./Core/Src/led_display.o
                0x00000000080011f4                Display
 .text.DisplayREDX
                0x00000000080012f0       0x2c ./Core/Src/led_display.o
                0x00000000080012f0                DisplayREDX
 .text.DisplayYELLOWX
                0x000000000800131c       0x2c ./Core/Src/led_display.o
                0x000000000800131c                DisplayYELLOWX
 .text.DisplayGREENX
                0x0000000008001348       0x2c ./Core/Src/led_display.o
                0x0000000008001348                DisplayGREENX
 .text.DisplayREDY
                0x0000000008001374       0x2c ./Core/Src/led_display.o
                0x0000000008001374                DisplayREDY
 .text.DisplayYELLOWY
                0x00000000080013a0       0x2c ./Core/Src/led_display.o
                0x00000000080013a0                DisplayYELLOWY
 .text.DisplayGREENY
                0x00000000080013cc       0x2c ./Core/Src/led_display.o
                0x00000000080013cc                DisplayGREENY
 .text.DisplayMAN_REDX
                0x00000000080013f8       0x14 ./Core/Src/led_display.o
                0x00000000080013f8                DisplayMAN_REDX
 .text.DisplayMAN_REDY
                0x000000000800140c       0x14 ./Core/Src/led_display.o
                0x000000000800140c                DisplayMAN_REDY
 .text.DisplayMAN_GREENX
                0x0000000008001420       0x14 ./Core/Src/led_display.o
                0x0000000008001420                DisplayMAN_GREENX
 .text.DisplayMAN_GREENY
                0x0000000008001434       0x18 ./Core/Src/led_display.o
                0x0000000008001434                DisplayMAN_GREENY
 .text.DisplayMAN_YELLOWX
                0x000000000800144c       0x14 ./Core/Src/led_display.o
                0x000000000800144c                DisplayMAN_YELLOWX
 .text.DisplayMAN_YELLOWY
                0x0000000008001460       0x14 ./Core/Src/led_display.o
                0x0000000008001460                DisplayMAN_YELLOWY
 .text.InitLED  0x0000000008001474       0x4c ./Core/Src/led_display.o
                0x0000000008001474                InitLED
 .text.main     0x00000000080014c0      0x138 ./Core/Src/main.o
                0x00000000080014c0                main
 .text.SystemClock_Config
                0x00000000080015f8       0x76 ./Core/Src/main.o
                0x00000000080015f8                SystemClock_Config
 *fill*         0x000000000800166e        0x2 
 .text.MX_TIM2_Init
                0x0000000008001670       0x98 ./Core/Src/main.o
 .text.MX_GPIO_Init
                0x0000000008001708       0xc4 ./Core/Src/main.o
 .text.Error_Handler
                0x00000000080017cc        0xa ./Core/Src/main.o
                0x00000000080017cc                Error_Handler
 *fill*         0x00000000080017d6        0x2 
 .text.HAL_MspInit
                0x00000000080017d8       0x64 ./Core/Src/stm32f1xx_hal_msp.o
                0x00000000080017d8                HAL_MspInit
 .text.HAL_TIM_Base_MspInit
                0x000000000800183c       0x48 ./Core/Src/stm32f1xx_hal_msp.o
                0x000000000800183c                HAL_TIM_Base_MspInit
 .text.NMI_Handler
                0x0000000008001884        0x6 ./Core/Src/stm32f1xx_it.o
                0x0000000008001884                NMI_Handler
 .text.HardFault_Handler
                0x000000000800188a        0x6 ./Core/Src/stm32f1xx_it.o
                0x000000000800188a                HardFault_Handler
 .text.MemManage_Handler
                0x0000000008001890        0x6 ./Core/Src/stm32f1xx_it.o
                0x0000000008001890                MemManage_Handler
 .text.BusFault_Handler
                0x0000000008001896        0x6 ./Core/Src/stm32f1xx_it.o
                0x0000000008001896                BusFault_Handler
 .text.UsageFault_Handler
                0x000000000800189c        0x6 ./Core/Src/stm32f1xx_it.o
                0x000000000800189c                UsageFault_Handler
 .text.SVC_Handler
                0x00000000080018a2        0xc ./Core/Src/stm32f1xx_it.o
                0x00000000080018a2                SVC_Handler
 .text.DebugMon_Handler
                0x00000000080018ae        0xc ./Core/Src/stm32f1xx_it.o
                0x00000000080018ae                DebugMon_Handler
 .text.PendSV_Handler
                0x00000000080018ba        0xc ./Core/Src/stm32f1xx_it.o
                0x00000000080018ba                PendSV_Handler
 .text.SysTick_Handler
                0x00000000080018c6        0xc ./Core/Src/stm32f1xx_it.o
                0x00000000080018c6                SysTick_Handler
 *fill*         0x00000000080018d2        0x2 
 .text.TIM2_IRQHandler
                0x00000000080018d4       0x14 ./Core/Src/stm32f1xx_it.o
                0x00000000080018d4                TIM2_IRQHandler
 .text.SystemInit
                0x00000000080018e8        0xc ./Core/Src/system_stm32f1xx.o
                0x00000000080018e8                SystemInit
 .text.setTimer
                0x00000000080018f4       0x3c ./Core/Src/timer.o
                0x00000000080018f4                setTimer
 .text.timerRun
                0x0000000008001930       0x60 ./Core/Src/timer.o
                0x0000000008001930                timerRun
 .text.HAL_TIM_PeriodElapsedCallback
                0x0000000008001990       0x22 ./Core/Src/timer.o
                0x0000000008001990                HAL_TIM_PeriodElapsedCallback
 *fill*         0x00000000080019b2        0x2 
 .text.Reset_Handler
                0x00000000080019b4       0x48 ./Core/Startup/startup_stm32f103c6ux.o
                0x00000000080019b4                Reset_Handler
 .text.Default_Handler
                0x00000000080019fc        0x2 ./Core/Startup/startup_stm32f103c6ux.o
                0x00000000080019fc                RTC_Alarm_IRQHandler
                0x00000000080019fc                EXTI2_IRQHandler
                0x00000000080019fc                TIM1_CC_IRQHandler
                0x00000000080019fc                PVD_IRQHandler
                0x00000000080019fc                EXTI3_IRQHandler
                0x00000000080019fc                EXTI0_IRQHandler
                0x00000000080019fc                ADC1_2_IRQHandler
                0x00000000080019fc                SPI1_IRQHandler
                0x00000000080019fc                TAMPER_IRQHandler
                0x00000000080019fc                DMA1_Channel4_IRQHandler
                0x00000000080019fc                RTC_IRQHandler
                0x00000000080019fc                DMA1_Channel7_IRQHandler
                0x00000000080019fc                CAN1_RX1_IRQHandler
                0x00000000080019fc                I2C1_EV_IRQHandler
                0x00000000080019fc                DMA1_Channel6_IRQHandler
                0x00000000080019fc                TIM3_IRQHandler
                0x00000000080019fc                RCC_IRQHandler
                0x00000000080019fc                TIM1_TRG_COM_IRQHandler
                0x00000000080019fc                DMA1_Channel1_IRQHandler
                0x00000000080019fc                Default_Handler
                0x00000000080019fc                EXTI15_10_IRQHandler
                0x00000000080019fc                EXTI9_5_IRQHandler
                0x00000000080019fc                DMA1_Channel5_IRQHandler
                0x00000000080019fc                EXTI4_IRQHandler
                0x00000000080019fc                USB_LP_CAN1_RX0_IRQHandler
                0x00000000080019fc                USB_HP_CAN1_TX_IRQHandler
                0x00000000080019fc                DMA1_Channel3_IRQHandler
                0x00000000080019fc                TIM1_UP_IRQHandler
                0x00000000080019fc                WWDG_IRQHandler
                0x00000000080019fc                TIM1_BRK_IRQHandler
                0x00000000080019fc                EXTI1_IRQHandler
                0x00000000080019fc                USART2_IRQHandler
                0x00000000080019fc                DMA1_Channel2_IRQHandler
                0x00000000080019fc                CAN1_SCE_IRQHandler
                0x00000000080019fc                FLASH_IRQHandler
                0x00000000080019fc                USART1_IRQHandler
                0x00000000080019fc                I2C1_ER_IRQHandler
                0x00000000080019fc                USBWakeUp_IRQHandler
 *fill*         0x00000000080019fe        0x2 
 .text.HAL_Init
                0x0000000008001a00       0x2c ./Drivers/STM32F1xx_HAL_Driver/Src/stm32f1xx_hal.o
                0x0000000008001a00                HAL_Init
 .text.HAL_InitTick
                0x0000000008001a2c       0x60 ./Drivers/STM32F1xx_HAL_Driver/Src/stm32f1xx_hal.o
                0x0000000008001a2c                HAL_InitTick
 .text.HAL_IncTick
                0x0000000008001a8c       0x24 ./Drivers/STM32F1xx_HAL_Driver/Src/stm32f1xx_hal.o
                0x0000000008001a8c                HAL_IncTick
 .text.HAL_GetTick
                0x0000000008001ab0       0x14 ./Drivers/STM32F1xx_HAL_Driver/Src/stm32f1xx_hal.o
                0x0000000008001ab0                HAL_GetTick
 .text.__NVIC_SetPriorityGrouping
                0x0000000008001ac4       0x48 ./Drivers/STM32F1xx_HAL_Driver/Src/stm32f1xx_hal_cortex.o
 .text.__NVIC_GetPriorityGrouping
                0x0000000008001b0c       0x1c ./Drivers/STM32F1xx_HAL_Driver/Src/stm32f1xx_hal_cortex.o
 .text.__NVIC_EnableIRQ
                0x0000000008001b28       0x38 ./Drivers/STM32F1xx_HAL_Driver/Src/stm32f1xx_hal_cortex.o
 .text.__NVIC_SetPriority
                0x0000000008001b60       0x54 ./Drivers/STM32F1xx_HAL_Driver/Src/stm32f1xx_hal_cortex.o
 .text.NVIC_EncodePriority
                0x0000000008001bb4       0x64 ./Drivers/STM32F1xx_HAL_Driver/Src/stm32f1xx_hal_cortex.o
 .text.SysTick_Config
                0x0000000008001c18       0x44 ./Drivers/STM32F1xx_HAL_Driver/Src/stm32f1xx_hal_cortex.o
 .text.HAL_NVIC_SetPriorityGrouping
                0x0000000008001c5c       0x16 ./Drivers/STM32F1xx_HAL_Driver/Src/stm32f1xx_hal_cortex.o
                0x0000000008001c5c                HAL_NVIC_SetPriorityGrouping
 .text.HAL_NVIC_SetPriority
                0x0000000008001c72       0x38 ./Drivers/STM32F1xx_HAL_Driver/Src/stm32f1xx_hal_cortex.o
                0x0000000008001c72                HAL_NVIC_SetPriority
 .text.HAL_NVIC_EnableIRQ
                0x0000000008001caa       0x1c ./Drivers/STM32F1xx_HAL_Driver/Src/stm32f1xx_hal_cortex.o
                0x0000000008001caa                HAL_NVIC_EnableIRQ
 .text.HAL_SYSTICK_Config
                0x0000000008001cc6       0x18 ./Drivers/STM32F1xx_HAL_Driver/Src/stm32f1xx_hal_cortex.o
                0x0000000008001cc6                HAL_SYSTICK_Config
 *fill*         0x0000000008001cde        0x2 
 .text.HAL_GPIO_Init
                0x0000000008001ce0      0x2f4 ./Drivers/STM32F1xx_HAL_Driver/Src/stm32f1xx_hal_gpio.o
                0x0000000008001ce0                HAL_GPIO_Init
 .text.HAL_GPIO_ReadPin
                0x0000000008001fd4       0x2e ./Drivers/STM32F1xx_HAL_Driver/Src/stm32f1xx_hal_gpio.o
                0x0000000008001fd4                HAL_GPIO_ReadPin
 .text.HAL_GPIO_WritePin
                0x0000000008002002       0x30 ./Drivers/STM32F1xx_HAL_Driver/Src/stm32f1xx_hal_gpio.o
                0x0000000008002002                HAL_GPIO_WritePin
 .text.HAL_GPIO_TogglePin
                0x0000000008002032       0x32 ./Drivers/STM32F1xx_HAL_Driver/Src/stm32f1xx_hal_gpio.o
                0x0000000008002032                HAL_GPIO_TogglePin
 .text.HAL_RCC_OscConfig
                0x0000000008002064      0x500 ./Drivers/STM32F1xx_HAL_Driver/Src/stm32f1xx_hal_rcc.o
                0x0000000008002064                HAL_RCC_OscConfig
 .text.HAL_RCC_ClockConfig
                0x0000000008002564      0x1d4 ./Drivers/STM32F1xx_HAL_Driver/Src/stm32f1xx_hal_rcc.o
                0x0000000008002564                HAL_RCC_ClockConfig
 .text.HAL_RCC_GetSysClockFreq
                0x0000000008002738       0xa8 ./Drivers/STM32F1xx_HAL_Driver/Src/stm32f1xx_hal_rcc.o
                0x0000000008002738                HAL_RCC_GetSysClockFreq
 .text.RCC_Delay
                0x00000000080027e0       0x3c ./Drivers/STM32F1xx_HAL_Driver/Src/stm32f1xx_hal_rcc.o
 .text.HAL_TIM_Base_Init
                0x000000000800281c       0x9e ./Drivers/STM32F1xx_HAL_Driver/Src/stm32f1xx_hal_tim.o
                0x000000000800281c                HAL_TIM_Base_Init
 *fill*         0x00000000080028ba        0x2 
 .text.HAL_TIM_Base_Start_IT
                0x00000000080028bc       0x98 ./Drivers/STM32F1xx_HAL_Driver/Src/stm32f1xx_hal_tim.o
                0x00000000080028bc                HAL_TIM_Base_Start_IT
 .text.HAL_TIM_IRQHandler
                0x0000000008002954      0x1e0 ./Drivers/STM32F1xx_HAL_Driver/Src/stm32f1xx_hal_tim.o
                0x0000000008002954                HAL_TIM_IRQHandler
 .text.HAL_TIM_ConfigClockSource
                0x0000000008002b34      0x18e ./Drivers/STM32F1xx_HAL_Driver/Src/stm32f1xx_hal_tim.o
                0x0000000008002b34                HAL_TIM_ConfigClockSource
 .text.HAL_TIM_OC_DelayElapsedCallback
                0x0000000008002cc2       0x12 ./Drivers/STM32F1xx_HAL_Driver/Src/stm32f1xx_hal_tim.o
                0x0000000008002cc2                HAL_TIM_OC_DelayElapsedCallback
 .text.HAL_TIM_IC_CaptureCallback
                0x0000000008002cd4       0x12 ./Drivers/STM32F1xx_HAL_Driver/Src/stm32f1xx_hal_tim.o
                0x0000000008002cd4                HAL_TIM_IC_CaptureCallback
 .text.HAL_TIM_PWM_PulseFinishedCallback
                0x0000000008002ce6       0x12 ./Drivers/STM32F1xx_HAL_Driver/Src/stm32f1xx_hal_tim.o
                0x0000000008002ce6                HAL_TIM_PWM_PulseFinishedCallback
 .text.HAL_TIM_TriggerCallback
                0x0000000008002cf8       0x12 ./Drivers/STM32F1xx_HAL_Driver/Src/stm32f1xx_hal_tim.o
                0x0000000008002cf8                HAL_TIM_TriggerCallback
 *fill*         0x0000000008002d0a        0x2 
 .text.TIM_Base_SetConfig
                0x0000000008002d0c       0xc8 ./Drivers/STM32F1xx_HAL_Driver/Src/stm32f1xx_hal_tim.o
                0x0000000008002d0c                TIM_Base_SetConfig
 .text.TIM_TI1_ConfigInputStage
                0x0000000008002dd4       0x5c ./Drivers/STM32F1xx_HAL_Driver/Src/stm32f1xx_hal_tim.o
 .text.TIM_TI2_ConfigInputStage
                0x0000000008002e30       0x5e ./Drivers/STM32F1xx_HAL_Driver/Src/stm32f1xx_hal_tim.o
 .text.TIM_ITRx_SetConfig
                0x0000000008002e8e       0x34 ./Drivers/STM32F1xx_HAL_Driver/Src/stm32f1xx_hal_tim.o
 .text.TIM_ETR_SetConfig
                0x0000000008002ec2       0x3e ./Drivers/STM32F1xx_HAL_Driver/Src/stm32f1xx_hal_tim.o
                0x0000000008002ec2                TIM_ETR_SetConfig
 .text.HAL_TIMEx_MasterConfigSynchronization
                0x0000000008002f00       0xb0 ./Drivers/STM32F1xx_HAL_Driver/Src/stm32f1xx_hal_tim_ex.o
                0x0000000008002f00                HAL_TIMEx_MasterConfigSynchronization
 .text.HAL_TIMEx_CommutCallback
                0x0000000008002fb0       0x12 ./Drivers/STM32F1xx_HAL_Driver/Src/stm32f1xx_hal_tim_ex.o
                0x0000000008002fb0                HAL_TIMEx_CommutCallback
 .text.HAL_TIMEx_BreakCallback
                0x0000000008002fc2       0x12 ./Drivers/STM32F1xx_HAL_Driver/Src/stm32f1xx_hal_tim_ex.o
                0x0000000008002fc2                HAL_TIMEx_BreakCallback
 .text.__libc_init_array
                0x0000000008002fd4       0x48 g:/st/stm32cubeide_1.7.0/stm32cubeide/plugins/com.st.stm32cube.ide.mcu.externaltools.gnu-tools-for-stm32.9-2020-q2-update.win32_2.0.0.202105311346/tools/bin/../lib/gcc/arm-none-eabi/9.3.1/../../../../arm-none-eabi/lib/thumb/v7-m/nofp\libc_nano.a(lib_a-init.o)
                0x0000000008002fd4                __libc_init_array
 .text.memset   0x000000000800301c       0x10 g:/st/stm32cubeide_1.7.0/stm32cubeide/plugins/com.st.stm32cube.ide.mcu.externaltools.gnu-tools-for-stm32.9-2020-q2-update.win32_2.0.0.202105311346/tools/bin/../lib/gcc/arm-none-eabi/9.3.1/../../../../arm-none-eabi/lib/thumb/v7-m/nofp\libc_nano.a(lib_a-memset.o)
                0x000000000800301c                memset
 *(.glue_7)
 .glue_7        0x000000000800302c        0x0 linker stubs
 *(.glue_7t)
 .glue_7t       0x000000000800302c        0x0 linker stubs
 *(.eh_frame)
 .eh_frame      0x000000000800302c        0x0 g:/st/stm32cubeide_1.7.0/stm32cubeide/plugins/com.st.stm32cube.ide.mcu.externaltools.gnu-tools-for-stm32.9-2020-q2-update.win32_2.0.0.202105311346/tools/bin/../lib/gcc/arm-none-eabi/9.3.1/thumb/v7-m/nofp/crtbegin.o
 *(.init)
 .init          0x000000000800302c        0x4 g:/st/stm32cubeide_1.7.0/stm32cubeide/plugins/com.st.stm32cube.ide.mcu.externaltools.gnu-tools-for-stm32.9-2020-q2-update.win32_2.0.0.202105311346/tools/bin/../lib/gcc/arm-none-eabi/9.3.1/thumb/v7-m/nofp/crti.o
                0x000000000800302c                _init
 .init          0x0000000008003030        0x8 g:/st/stm32cubeide_1.7.0/stm32cubeide/plugins/com.st.stm32cube.ide.mcu.externaltools.gnu-tools-for-stm32.9-2020-q2-update.win32_2.0.0.202105311346/tools/bin/../lib/gcc/arm-none-eabi/9.3.1/thumb/v7-m/nofp/crtn.o
 *(.fini)
 .fini          0x0000000008003038        0x4 g:/st/stm32cubeide_1.7.0/stm32cubeide/plugins/com.st.stm32cube.ide.mcu.externaltools.gnu-tools-for-stm32.9-2020-q2-update.win32_2.0.0.202105311346/tools/bin/../lib/gcc/arm-none-eabi/9.3.1/thumb/v7-m/nofp/crti.o
                0x0000000008003038                _fini
 .fini          0x000000000800303c        0x8 g:/st/stm32cubeide_1.7.0/stm32cubeide/plugins/com.st.stm32cube.ide.mcu.externaltools.gnu-tools-for-stm32.9-2020-q2-update.win32_2.0.0.202105311346/tools/bin/../lib/gcc/arm-none-eabi/9.3.1/thumb/v7-m/nofp/crtn.o
                0x0000000008003044                . = ALIGN (0x4)
                0x0000000008003044                _etext = .

.vfp11_veneer   0x0000000008003044        0x0
 .vfp11_veneer  0x0000000008003044        0x0 linker stubs

.v4_bx          0x0000000008003044        0x0
 .v4_bx         0x0000000008003044        0x0 linker stubs

.iplt           0x0000000008003044        0x0
 .iplt          0x0000000008003044        0x0 g:/st/stm32cubeide_1.7.0/stm32cubeide/plugins/com.st.stm32cube.ide.mcu.externaltools.gnu-tools-for-stm32.9-2020-q2-update.win32_2.0.0.202105311346/tools/bin/../lib/gcc/arm-none-eabi/9.3.1/thumb/v7-m/nofp/crtbegin.o

.rodata         0x0000000008003044       0x24
                0x0000000008003044                . = ALIGN (0x4)
 *(.rodata)
 *(.rodata*)
 .rodata.AHBPrescTable
                0x0000000008003044       0x10 ./Core/Src/system_stm32f1xx.o
                0x0000000008003044                AHBPrescTable
 .rodata.aPLLMULFactorTable.6032
                0x0000000008003054       0x10 ./Drivers/STM32F1xx_HAL_Driver/Src/stm32f1xx_hal_rcc.o
 .rodata.aPredivFactorTable.6033
                0x0000000008003064        0x2 ./Drivers/STM32F1xx_HAL_Driver/Src/stm32f1xx_hal_rcc.o
                0x0000000008003068                . = ALIGN (0x4)
 *fill*         0x0000000008003066        0x2 

.rel.dyn        0x0000000008003068        0x0
 .rel.iplt      0x0000000008003068        0x0 g:/st/stm32cubeide_1.7.0/stm32cubeide/plugins/com.st.stm32cube.ide.mcu.externaltools.gnu-tools-for-stm32.9-2020-q2-update.win32_2.0.0.202105311346/tools/bin/../lib/gcc/arm-none-eabi/9.3.1/thumb/v7-m/nofp/crtbegin.o

.ARM.extab      0x0000000008003068        0x0
                0x0000000008003068                . = ALIGN (0x4)
 *(.ARM.extab* .gnu.linkonce.armextab.*)
                0x0000000008003068                . = ALIGN (0x4)

.ARM            0x0000000008003068        0x0
                0x0000000008003068                . = ALIGN (0x4)
                0x0000000008003068                __exidx_start = .
 *(.ARM.exidx*)
                0x0000000008003068                __exidx_end = .
                0x0000000008003068                . = ALIGN (0x4)

.preinit_array  0x0000000008003068        0x0
                0x0000000008003068                . = ALIGN (0x4)
                0x0000000008003068                PROVIDE (__preinit_array_start = .)
 *(.preinit_array*)
                0x0000000008003068                PROVIDE (__preinit_array_end = .)
                0x0000000008003068                . = ALIGN (0x4)

.init_array     0x0000000008003068        0x4
                0x0000000008003068                . = ALIGN (0x4)
                0x0000000008003068                PROVIDE (__init_array_start = .)
 *(SORT_BY_NAME(.init_array.*))
 *(.init_array*)
 .init_array    0x0000000008003068        0x4 g:/st/stm32cubeide_1.7.0/stm32cubeide/plugins/com.st.stm32cube.ide.mcu.externaltools.gnu-tools-for-stm32.9-2020-q2-update.win32_2.0.0.202105311346/tools/bin/../lib/gcc/arm-none-eabi/9.3.1/thumb/v7-m/nofp/crtbegin.o
                0x000000000800306c                PROVIDE (__init_array_end = .)
                0x000000000800306c                . = ALIGN (0x4)

.fini_array     0x000000000800306c        0x4
                0x000000000800306c                . = ALIGN (0x4)
                [!provide]                        PROVIDE (__fini_array_start = .)
 *(SORT_BY_NAME(.fini_array.*))
 *(.fini_array*)
 .fini_array    0x000000000800306c        0x4 g:/st/stm32cubeide_1.7.0/stm32cubeide/plugins/com.st.stm32cube.ide.mcu.externaltools.gnu-tools-for-stm32.9-2020-q2-update.win32_2.0.0.202105311346/tools/bin/../lib/gcc/arm-none-eabi/9.3.1/thumb/v7-m/nofp/crtbegin.o
                [!provide]                        PROVIDE (__fini_array_end = .)
                0x0000000008003070                . = ALIGN (0x4)
                0x0000000008003070                _sidata = LOADADDR (.data)

.data           0x0000000020000000       0x1c load address 0x0000000008003070
                0x0000000020000000                . = ALIGN (0x4)
                0x0000000020000000                _sdata = .
 *(.data)
 *(.data*)
 .data.Time_red
                0x0000000020000000        0x4 ./Core/Src/fsm_automatic.o
                0x0000000020000000                Time_red
 .data.Time_green
                0x0000000020000004        0x4 ./Core/Src/fsm_automatic.o
                0x0000000020000004                Time_green
 .data.Time_yellow
                0x0000000020000008        0x4 ./Core/Src/fsm_automatic.o
                0x0000000020000008                Time_yellow
 .data.SystemCoreClock
                0x000000002000000c        0x4 ./Core/Src/system_stm32f1xx.o
                0x000000002000000c                SystemCoreClock
 .data.TIME_CYCLE
                0x0000000020000010        0x4 ./Core/Src/timer.o
                0x0000000020000010                TIME_CYCLE
 .data.uwTickPrio
                0x0000000020000014        0x4 ./Drivers/STM32F1xx_HAL_Driver/Src/stm32f1xx_hal.o
                0x0000000020000014                uwTickPrio
 .data.uwTickFreq
                0x0000000020000018        0x1 ./Drivers/STM32F1xx_HAL_Driver/Src/stm32f1xx_hal.o
                0x0000000020000018                uwTickFreq
 *(.RamFunc)
 *(.RamFunc*)
                0x000000002000001c                . = ALIGN (0x4)
 *fill*         0x0000000020000019        0x3 
                0x000000002000001c                _edata = .

.igot.plt       0x000000002000001c        0x0 load address 0x000000000800308c
 .igot.plt      0x000000002000001c        0x0 g:/st/stm32cubeide_1.7.0/stm32cubeide/plugins/com.st.stm32cube.ide.mcu.externaltools.gnu-tools-for-stm32.9-2020-q2-update.win32_2.0.0.202105311346/tools/bin/../lib/gcc/arm-none-eabi/9.3.1/thumb/v7-m/nofp/crtbegin.o
                0x000000002000001c                . = ALIGN (0x4)

.bss            0x000000002000001c      0x10c load address 0x000000000800308c
                0x000000002000001c                _sbss = .
                0x000000002000001c                __bss_start__ = _sbss
 *(.bss)
 .bss           0x000000002000001c       0x1c g:/st/stm32cubeide_1.7.0/stm32cubeide/plugins/com.st.stm32cube.ide.mcu.externaltools.gnu-tools-for-stm32.9-2020-q2-update.win32_2.0.0.202105311346/tools/bin/../lib/gcc/arm-none-eabi/9.3.1/thumb/v7-m/nofp/crtbegin.o
 *(.bss*)
 .bss.DisplayCounter
                0x0000000020000038        0x4 ./Core/Src/fsm_automatic.o
                0x0000000020000038                DisplayCounter
 .bss.mode2_flag
                0x000000002000003c        0x4 ./Core/Src/fsm_automatic.o
                0x000000002000003c                mode2_flag
 .bss.mode3_flag
                0x0000000020000040        0x4 ./Core/Src/fsm_automatic.o
                0x0000000020000040                mode3_flag
 .bss.mode4_flag
                0x0000000020000044        0x4 ./Core/Src/fsm_automatic.o
                0x0000000020000044                mode4_flag
 .bss.save_counterTimeSet
                0x0000000020000048        0x4 ./Core/Src/fsm_automatic.o
                0x0000000020000048                save_counterTimeSet
 .bss.statusx   0x000000002000004c        0x4 ./Core/Src/global.o
                0x000000002000004c                statusx
 .bss.statusy   0x0000000020000050        0x4 ./Core/Src/global.o
                0x0000000020000050                statusy
 .bss.number_clock1
                0x0000000020000054        0x4 ./Core/Src/global.o
                0x0000000020000054                number_clock1
 .bss.number_clock2
                0x0000000020000058        0x4 ./Core/Src/global.o
                0x0000000020000058                number_clock2
 .bss.buttonState1
                0x000000002000005c        0x1 ./Core/Src/input_processing.o
                0x000000002000005c                buttonState1
 .bss.buttonState2
                0x000000002000005d        0x1 ./Core/Src/input_processing.o
                0x000000002000005d                buttonState2
 .bss.buttonState3
                0x000000002000005e        0x1 ./Core/Src/input_processing.o
                0x000000002000005e                buttonState3
 *fill*         0x000000002000005f        0x1 
 .bss.counterMode
                0x0000000020000060        0x4 ./Core/Src/input_processing.o
                0x0000000020000060                counterMode
 .bss.counterTimeSet
                0x0000000020000064        0x4 ./Core/Src/input_processing.o
                0x0000000020000064                counterTimeSet
 .bss.buttonBuffer
                0x0000000020000068        0x3 ./Core/Src/input_reading.o
 *fill*         0x000000002000006b        0x1 
 .bss.debounceButtonBuffer1
                0x000000002000006c        0x3 ./Core/Src/input_reading.o
 *fill*         0x000000002000006f        0x1 
 .bss.debounceButtonBuffer2
                0x0000000020000070        0x3 ./Core/Src/input_reading.o
 *fill*         0x0000000020000073        0x1 
 .bss.flagForButtonPress1s
                0x0000000020000074        0x3 ./Core/Src/input_reading.o
 *fill*         0x0000000020000077        0x1 
 .bss.counterForButtonPress1s
                0x0000000020000078        0x6 ./Core/Src/input_reading.o
 *fill*         0x000000002000007e        0x2 
 .bss.button1_flag
                0x0000000020000080        0x4 ./Core/Src/input_reading.o
                0x0000000020000080                button1_flag
 .bss.button2_flag
                0x0000000020000084        0x4 ./Core/Src/input_reading.o
                0x0000000020000084                button2_flag
 .bss.button3_flag
                0x0000000020000088        0x4 ./Core/Src/input_reading.o
                0x0000000020000088                button3_flag
 *(COMMON)
 COMMON         0x000000002000008c       0x48 ./Core/Src/main.o
                0x000000002000008c                htim2
 COMMON         0x00000000200000d4       0x50 ./Core/Src/timer.o
                0x00000000200000d4                timer_counter
                0x00000000200000fc                timer_flag
 COMMON         0x0000000020000124        0x4 ./Drivers/STM32F1xx_HAL_Driver/Src/stm32f1xx_hal.o
                0x0000000020000124                uwTick
                0x0000000020000128                . = ALIGN (0x4)
                0x0000000020000128                _ebss = .
                0x0000000020000128                __bss_end__ = _ebss

._user_heap_stack
                0x0000000020000128      0x600 load address 0x000000000800308c
                0x0000000020000128                . = ALIGN (0x8)
                [!provide]                        PROVIDE (end = .)
                0x0000000020000128                PROVIDE (_end = .)
                0x0000000020000328                . = (. + _Min_Heap_Size)
 *fill*         0x0000000020000128      0x200 
                0x0000000020000728                . = (. + _Min_Stack_Size)
 *fill*         0x0000000020000328      0x400 
                0x0000000020000728                . = ALIGN (0x8)

/DISCARD/
 libc.a(*)
 libm.a(*)
 libgcc.a(*)

.ARM.attributes
                0x0000000000000000       0x29
 *(.ARM.attributes)
 .ARM.attributes
                0x0000000000000000       0x1d g:/st/stm32cubeide_1.7.0/stm32cubeide/plugins/com.st.stm32cube.ide.mcu.externaltools.gnu-tools-for-stm32.9-2020-q2-update.win32_2.0.0.202105311346/tools/bin/../lib/gcc/arm-none-eabi/9.3.1/thumb/v7-m/nofp/crti.o
 .ARM.attributes
                0x000000000000001d       0x2d g:/st/stm32cubeide_1.7.0/stm32cubeide/plugins/com.st.stm32cube.ide.mcu.externaltools.gnu-tools-for-stm32.9-2020-q2-update.win32_2.0.0.202105311346/tools/bin/../lib/gcc/arm-none-eabi/9.3.1/thumb/v7-m/nofp/crtbegin.o
 .ARM.attributes
                0x000000000000004a       0x2d ./Core/Src/fsm_automatic.o
 .ARM.attributes
                0x0000000000000077       0x2d ./Core/Src/fsm_manual.o
 .ARM.attributes
                0x00000000000000a4       0x33 ./Core/Src/global.o
 .ARM.attributes
                0x00000000000000d7       0x2d ./Core/Src/input_processing.o
 .ARM.attributes
                0x0000000000000104       0x2d ./Core/Src/input_reading.o
 .ARM.attributes
                0x0000000000000131       0x2d ./Core/Src/led_display.o
 .ARM.attributes
                0x000000000000015e       0x2d ./Core/Src/main.o
 .ARM.attributes
                0x000000000000018b       0x2d ./Core/Src/stm32f1xx_hal_msp.o
 .ARM.attributes
                0x00000000000001b8       0x2d ./Core/Src/stm32f1xx_it.o
 .ARM.attributes
                0x00000000000001e5       0x2d ./Core/Src/system_stm32f1xx.o
 .ARM.attributes
                0x0000000000000212       0x2d ./Core/Src/timer.o
 .ARM.attributes
                0x000000000000023f       0x21 ./Core/Startup/startup_stm32f103c6ux.o
 .ARM.attributes
                0x0000000000000260       0x2d ./Drivers/STM32F1xx_HAL_Driver/Src/stm32f1xx_hal.o
 .ARM.attributes
                0x000000000000028d       0x2d ./Drivers/STM32F1xx_HAL_Driver/Src/stm32f1xx_hal_cortex.o
 .ARM.attributes
                0x00000000000002ba       0x2d ./Drivers/STM32F1xx_HAL_Driver/Src/stm32f1xx_hal_gpio.o
 .ARM.attributes
                0x00000000000002e7       0x2d ./Drivers/STM32F1xx_HAL_Driver/Src/stm32f1xx_hal_rcc.o
 .ARM.attributes
                0x0000000000000314       0x2d ./Drivers/STM32F1xx_HAL_Driver/Src/stm32f1xx_hal_tim.o
 .ARM.attributes
                0x0000000000000341       0x2d ./Drivers/STM32F1xx_HAL_Driver/Src/stm32f1xx_hal_tim_ex.o
 .ARM.attributes
                0x000000000000036e       0x2d g:/st/stm32cubeide_1.7.0/stm32cubeide/plugins/com.st.stm32cube.ide.mcu.externaltools.gnu-tools-for-stm32.9-2020-q2-update.win32_2.0.0.202105311346/tools/bin/../lib/gcc/arm-none-eabi/9.3.1/../../../../arm-none-eabi/lib/thumb/v7-m/nofp\libc_nano.a(lib_a-init.o)
 .ARM.attributes
                0x000000000000039b       0x2d g:/st/stm32cubeide_1.7.0/stm32cubeide/plugins/com.st.stm32cube.ide.mcu.externaltools.gnu-tools-for-stm32.9-2020-q2-update.win32_2.0.0.202105311346/tools/bin/../lib/gcc/arm-none-eabi/9.3.1/../../../../arm-none-eabi/lib/thumb/v7-m/nofp\libc_nano.a(lib_a-memset.o)
 .ARM.attributes
                0x00000000000003c8       0x1d g:/st/stm32cubeide_1.7.0/stm32cubeide/plugins/com.st.stm32cube.ide.mcu.externaltools.gnu-tools-for-stm32.9-2020-q2-update.win32_2.0.0.202105311346/tools/bin/../lib/gcc/arm-none-eabi/9.3.1/thumb/v7-m/nofp/crtn.o
OUTPUT(Button.elf elf32-littlearm)
LOAD linker stubs
LOAD g:/st/stm32cubeide_1.7.0/stm32cubeide/plugins/com.st.stm32cube.ide.mcu.externaltools.gnu-tools-for-stm32.9-2020-q2-update.win32_2.0.0.202105311346/tools/bin/../lib/gcc/arm-none-eabi/9.3.1/../../../../arm-none-eabi/lib/thumb/v7-m/nofp\libc.a
LOAD g:/st/stm32cubeide_1.7.0/stm32cubeide/plugins/com.st.stm32cube.ide.mcu.externaltools.gnu-tools-for-stm32.9-2020-q2-update.win32_2.0.0.202105311346/tools/bin/../lib/gcc/arm-none-eabi/9.3.1/../../../../arm-none-eabi/lib/thumb/v7-m/nofp\libm.a
LOAD g:/st/stm32cubeide_1.7.0/stm32cubeide/plugins/com.st.stm32cube.ide.mcu.externaltools.gnu-tools-for-stm32.9-2020-q2-update.win32_2.0.0.202105311346/tools/bin/../lib/gcc/arm-none-eabi/9.3.1/thumb/v7-m/nofp\libgcc.a

.debug_info     0x0000000000000000     0x9c61
 .debug_info    0x0000000000000000      0x33e ./Core/Src/fsm_automatic.o
 .debug_info    0x000000000000033e      0x12c ./Core/Src/fsm_manual.o
 .debug_info    0x000000000000046a       0xb0 ./Core/Src/global.o
 .debug_info    0x000000000000051a      0x275 ./Core/Src/input_processing.o
 .debug_info    0x000000000000078f      0x3f3 ./Core/Src/input_reading.o
 .debug_info    0x0000000000000b82      0x376 ./Core/Src/led_display.o
 .debug_info    0x0000000000000ef8      0xc38 ./Core/Src/main.o
 .debug_info    0x0000000000001b30      0xa09 ./Core/Src/stm32f1xx_hal_msp.o
 .debug_info    0x0000000000002539      0x7b9 ./Core/Src/stm32f1xx_it.o
 .debug_info    0x0000000000002cf2      0x2be ./Core/Src/system_stm32f1xx.o
 .debug_info    0x0000000000002fb0      0x840 ./Core/Src/timer.o
 .debug_info    0x00000000000037f0       0x22 ./Core/Startup/startup_stm32f103c6ux.o
 .debug_info    0x0000000000003812      0x74c ./Drivers/STM32F1xx_HAL_Driver/Src/stm32f1xx_hal.o
 .debug_info    0x0000000000003f5e      0xbbe ./Drivers/STM32F1xx_HAL_Driver/Src/stm32f1xx_hal_cortex.o
 .debug_info    0x0000000000004b1c      0x701 ./Drivers/STM32F1xx_HAL_Driver/Src/stm32f1xx_hal_gpio.o
 .debug_info    0x000000000000521d      0x893 ./Drivers/STM32F1xx_HAL_Driver/Src/stm32f1xx_hal_rcc.o
 .debug_info    0x0000000000005ab0     0x2c32 ./Drivers/STM32F1xx_HAL_Driver/Src/stm32f1xx_hal_tim.o
 .debug_info    0x00000000000086e2     0x157f ./Drivers/STM32F1xx_HAL_Driver/Src/stm32f1xx_hal_tim_ex.o

.debug_abbrev   0x0000000000000000     0x1c1f
 .debug_abbrev  0x0000000000000000       0xc7 ./Core/Src/fsm_automatic.o
 .debug_abbrev  0x00000000000000c7       0x6c ./Core/Src/fsm_manual.o
 .debug_abbrev  0x0000000000000133       0x70 ./Core/Src/global.o
 .debug_abbrev  0x00000000000001a3       0xe0 ./Core/Src/input_processing.o
 .debug_abbrev  0x0000000000000283      0x19d ./Core/Src/input_reading.o
 .debug_abbrev  0x0000000000000420      0x148 ./Core/Src/led_display.o
 .debug_abbrev  0x0000000000000568      0x21b ./Core/Src/main.o
 .debug_abbrev  0x0000000000000783      0x1b7 ./Core/Src/stm32f1xx_hal_msp.o
 .debug_abbrev  0x000000000000093a      0x176 ./Core/Src/stm32f1xx_it.o
 .debug_abbrev  0x0000000000000ab0      0x14e ./Core/Src/system_stm32f1xx.o
 .debug_abbrev  0x0000000000000bfe      0x1f0 ./Core/Src/timer.o
 .debug_abbrev  0x0000000000000dee       0x12 ./Core/Startup/startup_stm32f103c6ux.o
 .debug_abbrev  0x0000000000000e00      0x1ed ./Drivers/STM32F1xx_HAL_Driver/Src/stm32f1xx_hal.o
 .debug_abbrev  0x0000000000000fed      0x313 ./Drivers/STM32F1xx_HAL_Driver/Src/stm32f1xx_hal_cortex.o
 .debug_abbrev  0x0000000000001300      0x1e8 ./Drivers/STM32F1xx_HAL_Driver/Src/stm32f1xx_hal_gpio.o
 .debug_abbrev  0x00000000000014e8      0x273 ./Drivers/STM32F1xx_HAL_Driver/Src/stm32f1xx_hal_rcc.o
 .debug_abbrev  0x000000000000175b      0x25e ./Drivers/STM32F1xx_HAL_Driver/Src/stm32f1xx_hal_tim.o
 .debug_abbrev  0x00000000000019b9      0x266 ./Drivers/STM32F1xx_HAL_Driver/Src/stm32f1xx_hal_tim_ex.o

.debug_aranges  0x0000000000000000      0xb20
 .debug_aranges
                0x0000000000000000       0x50 ./Core/Src/fsm_automatic.o
 .debug_aranges
                0x0000000000000050       0x28 ./Core/Src/fsm_manual.o
 .debug_aranges
                0x0000000000000078       0x18 ./Core/Src/global.o
 .debug_aranges
                0x0000000000000090       0x30 ./Core/Src/input_processing.o
 .debug_aranges
                0x00000000000000c0       0x60 ./Core/Src/input_reading.o
 .debug_aranges
                0x0000000000000120       0x90 ./Core/Src/led_display.o
 .debug_aranges
                0x00000000000001b0       0x40 ./Core/Src/main.o
 .debug_aranges
                0x00000000000001f0       0x30 ./Core/Src/stm32f1xx_hal_msp.o
 .debug_aranges
                0x0000000000000220       0x68 ./Core/Src/stm32f1xx_it.o
 .debug_aranges
                0x0000000000000288       0x28 ./Core/Src/system_stm32f1xx.o
 .debug_aranges
                0x00000000000002b0       0x48 ./Core/Src/timer.o
 .debug_aranges
                0x00000000000002f8       0x28 ./Core/Startup/startup_stm32f103c6ux.o
 .debug_aranges
                0x0000000000000320       0xe0 ./Drivers/STM32F1xx_HAL_Driver/Src/stm32f1xx_hal.o
 .debug_aranges
                0x0000000000000400      0x100 ./Drivers/STM32F1xx_HAL_Driver/Src/stm32f1xx_hal_cortex.o
 .debug_aranges
                0x0000000000000500       0x58 ./Drivers/STM32F1xx_HAL_Driver/Src/stm32f1xx_hal_gpio.o
 .debug_aranges
                0x0000000000000558       0x90 ./Drivers/STM32F1xx_HAL_Driver/Src/stm32f1xx_hal_rcc.o
 .debug_aranges
                0x00000000000005e8      0x3d0 ./Drivers/STM32F1xx_HAL_Driver/Src/stm32f1xx_hal_tim.o
 .debug_aranges
                0x00000000000009b8      0x168 ./Drivers/STM32F1xx_HAL_Driver/Src/stm32f1xx_hal_tim_ex.o

.debug_ranges   0x0000000000000000      0xa00
 .debug_ranges  0x0000000000000000       0x40 ./Core/Src/fsm_automatic.o
 .debug_ranges  0x0000000000000040       0x18 ./Core/Src/fsm_manual.o
 .debug_ranges  0x0000000000000058       0x20 ./Core/Src/input_processing.o
 .debug_ranges  0x0000000000000078       0x50 ./Core/Src/input_reading.o
 .debug_ranges  0x00000000000000c8       0x80 ./Core/Src/led_display.o
 .debug_ranges  0x0000000000000148       0x30 ./Core/Src/main.o
 .debug_ranges  0x0000000000000178       0x20 ./Core/Src/stm32f1xx_hal_msp.o
 .debug_ranges  0x0000000000000198       0x58 ./Core/Src/stm32f1xx_it.o
 .debug_ranges  0x00000000000001f0       0x18 ./Core/Src/system_stm32f1xx.o
 .debug_ranges  0x0000000000000208       0x38 ./Core/Src/timer.o
 .debug_ranges  0x0000000000000240       0x20 ./Core/Startup/startup_stm32f103c6ux.o
 .debug_ranges  0x0000000000000260       0xd0 ./Drivers/STM32F1xx_HAL_Driver/Src/stm32f1xx_hal.o
 .debug_ranges  0x0000000000000330       0xf0 ./Drivers/STM32F1xx_HAL_Driver/Src/stm32f1xx_hal_cortex.o
 .debug_ranges  0x0000000000000420       0x48 ./Drivers/STM32F1xx_HAL_Driver/Src/stm32f1xx_hal_gpio.o
 .debug_ranges  0x0000000000000468       0x80 ./Drivers/STM32F1xx_HAL_Driver/Src/stm32f1xx_hal_rcc.o
 .debug_ranges  0x00000000000004e8      0x3c0 ./Drivers/STM32F1xx_HAL_Driver/Src/stm32f1xx_hal_tim.o
 .debug_ranges  0x00000000000008a8      0x158 ./Drivers/STM32F1xx_HAL_Driver/Src/stm32f1xx_hal_tim_ex.o

.debug_macro    0x0000000000000000    0x16278
 .debug_macro   0x0000000000000000      0x1e6 ./Core/Src/fsm_automatic.o
 .debug_macro   0x00000000000001e6       0x10 ./Core/Src/fsm_automatic.o
 .debug_macro   0x00000000000001f6       0x2e ./Core/Src/fsm_automatic.o
 .debug_macro   0x0000000000000224      0x215 ./Core/Src/fsm_automatic.o
 .debug_macro   0x0000000000000439       0x2e ./Core/Src/fsm_automatic.o
 .debug_macro   0x0000000000000467       0x22 ./Core/Src/fsm_automatic.o
 .debug_macro   0x0000000000000489       0x22 ./Core/Src/fsm_automatic.o
 .debug_macro   0x00000000000004ab       0x8e ./Core/Src/fsm_automatic.o
 .debug_macro   0x0000000000000539       0x51 ./Core/Src/fsm_automatic.o
 .debug_macro   0x000000000000058a      0x103 ./Core/Src/fsm_automatic.o
 .debug_macro   0x000000000000068d       0x6a ./Core/Src/fsm_automatic.o
 .debug_macro   0x00000000000006f7      0x1df ./Core/Src/fsm_automatic.o
 .debug_macro   0x00000000000008d6       0x1c ./Core/Src/fsm_automatic.o
 .debug_macro   0x00000000000008f2       0x22 ./Core/Src/fsm_automatic.o
 .debug_macro   0x0000000000000914       0xc3 ./Core/Src/fsm_automatic.o
 .debug_macro   0x00000000000009d7      0xd23 ./Core/Src/fsm_automatic.o
 .debug_macro   0x00000000000016fa     0xde75 ./Core/Src/fsm_automatic.o
 .debug_macro   0x000000000000f56f       0x6d ./Core/Src/fsm_automatic.o
 .debug_macro   0x000000000000f5dc     0x34a2 ./Core/Src/fsm_automatic.o
 .debug_macro   0x0000000000012a7e      0x174 ./Core/Src/fsm_automatic.o
 .debug_macro   0x0000000000012bf2       0x5c ./Core/Src/fsm_automatic.o
 .debug_macro   0x0000000000012c4e      0x5bc ./Core/Src/fsm_automatic.o
 .debug_macro   0x000000000001320a      0x1b7 ./Core/Src/fsm_automatic.o
 .debug_macro   0x00000000000133c1      0x1cb ./Core/Src/fsm_automatic.o
 .debug_macro   0x000000000001358c      0x114 ./Core/Src/fsm_automatic.o
 .debug_macro   0x00000000000136a0      0x1b2 ./Core/Src/fsm_automatic.o
 .debug_macro   0x0000000000013852       0x27 ./Core/Src/fsm_automatic.o
 .debug_macro   0x0000000000013879      0x12f ./Core/Src/fsm_automatic.o
 .debug_macro   0x00000000000139a8      0x1bc ./Core/Src/fsm_automatic.o
 .debug_macro   0x0000000000013b64       0x34 ./Core/Src/fsm_automatic.o
 .debug_macro   0x0000000000013b98       0x3c ./Core/Src/fsm_automatic.o
 .debug_macro   0x0000000000013bd4       0x57 ./Core/Src/fsm_automatic.o
 .debug_macro   0x0000000000013c2b       0x87 ./Core/Src/fsm_automatic.o
 .debug_macro   0x0000000000013cb2      0x183 ./Core/Src/fsm_automatic.o
 .debug_macro   0x0000000000013e35      0x140 ./Core/Src/fsm_automatic.o
 .debug_macro   0x0000000000013f75      0x8ed ./Core/Src/fsm_automatic.o
 .debug_macro   0x0000000000014862       0x69 ./Core/Src/fsm_automatic.o
 .debug_macro   0x00000000000148cb      0x118 ./Core/Src/fsm_automatic.o
 .debug_macro   0x00000000000149e3       0x5f ./Core/Src/fsm_manual.o
 .debug_macro   0x0000000000014a42       0x33 ./Core/Src/global.o
 .debug_macro   0x0000000000014a75      0x1d6 ./Core/Src/input_processing.o
 .debug_macro   0x0000000000014c4b      0x1c4 ./Core/Src/input_reading.o
 .debug_macro   0x0000000000014e0f      0x1a6 ./Core/Src/led_display.o
 .debug_macro   0x0000000000014fb5      0x1f4 ./Core/Src/main.o
 .debug_macro   0x00000000000151a9      0x1a6 ./Core/Src/stm32f1xx_hal_msp.o
 .debug_macro   0x000000000001534f      0x1b0 ./Core/Src/stm32f1xx_it.o
 .debug_macro   0x00000000000154ff      0x197 ./Core/Src/system_stm32f1xx.o
 .debug_macro   0x0000000000015696      0x1b6 ./Core/Src/timer.o
 .debug_macro   0x000000000001584c      0x1bb ./Drivers/STM32F1xx_HAL_Driver/Src/stm32f1xx_hal.o
 .debug_macro   0x0000000000015a07      0x197 ./Drivers/STM32F1xx_HAL_Driver/Src/stm32f1xx_hal_cortex.o
 .debug_macro   0x0000000000015b9e      0x202 ./Drivers/STM32F1xx_HAL_Driver/Src/stm32f1xx_hal_gpio.o
 .debug_macro   0x0000000000015da0      0x1a9 ./Drivers/STM32F1xx_HAL_Driver/Src/stm32f1xx_hal_rcc.o
 .debug_macro   0x0000000000015f49      0x198 ./Drivers/STM32F1xx_HAL_Driver/Src/stm32f1xx_hal_tim.o
 .debug_macro   0x00000000000160e1      0x197 ./Drivers/STM32F1xx_HAL_Driver/Src/stm32f1xx_hal_tim_ex.o

.debug_line     0x0000000000000000     0xbe5e
 .debug_line    0x0000000000000000      0x9af ./Core/Src/fsm_automatic.o
 .debug_line    0x00000000000009af      0x1a6 ./Core/Src/fsm_manual.o
 .debug_line    0x0000000000000b55       0x6b ./Core/Src/global.o
 .debug_line    0x0000000000000bc0      0x7a5 ./Core/Src/input_processing.o
 .debug_line    0x0000000000001365      0x804 ./Core/Src/input_reading.o
 .debug_line    0x0000000000001b69      0x846 ./Core/Src/led_display.o
 .debug_line    0x00000000000023af      0x817 ./Core/Src/main.o
 .debug_line    0x0000000000002bc6      0x6a1 ./Core/Src/stm32f1xx_hal_msp.o
 .debug_line    0x0000000000003267      0x73f ./Core/Src/stm32f1xx_it.o
 .debug_line    0x00000000000039a6      0x6e3 ./Core/Src/system_stm32f1xx.o
 .debug_line    0x0000000000004089      0x711 ./Core/Src/timer.o
 .debug_line    0x000000000000479a       0x86 ./Core/Startup/startup_stm32f103c6ux.o
 .debug_line    0x0000000000004820      0x910 ./Drivers/STM32F1xx_HAL_Driver/Src/stm32f1xx_hal.o
 .debug_line    0x0000000000005130      0xaf8 ./Drivers/STM32F1xx_HAL_Driver/Src/stm32f1xx_hal_cortex.o
 .debug_line    0x0000000000005c28      0x993 ./Drivers/STM32F1xx_HAL_Driver/Src/stm32f1xx_hal_gpio.o
 .debug_line    0x00000000000065bb      0xd1c ./Drivers/STM32F1xx_HAL_Driver/Src/stm32f1xx_hal_rcc.o
 .debug_line    0x00000000000072d7     0x3361 ./Drivers/STM32F1xx_HAL_Driver/Src/stm32f1xx_hal_tim.o
 .debug_line    0x000000000000a638     0x1826 ./Drivers/STM32F1xx_HAL_Driver/Src/stm32f1xx_hal_tim_ex.o

.debug_str      0x0000000000000000    0x8278b
 .debug_str     0x0000000000000000    0x7f9a9 ./Core/Src/fsm_automatic.o
                                      0x7fce6 (size before relaxing)
 .debug_str     0x000000000007f9a9       0x4c ./Core/Src/fsm_manual.o
                                       0x2f2d (size before relaxing)
 .debug_str     0x000000000007f9f5       0x15 ./Core/Src/global.o
                                       0x2e34 (size before relaxing)
 .debug_str     0x000000000007fa0a       0xe1 ./Core/Src/input_processing.o
                                      0x7fca3 (size before relaxing)
 .debug_str     0x000000000007faeb      0x20e ./Core/Src/input_reading.o
                                      0x7fcf3 (size before relaxing)
 .debug_str     0x000000000007fcf9       0xf2 ./Core/Src/led_display.o
                                      0x7fc16 (size before relaxing)
 .debug_str     0x000000000007fdeb      0x6bc ./Core/Src/main.o
                                      0x80437 (size before relaxing)
 .debug_str     0x00000000000804a7      0x2ba ./Core/Src/stm32f1xx_hal_msp.o
                                      0x802fc (size before relaxing)
 .debug_str     0x0000000000080761       0xcd ./Core/Src/stm32f1xx_it.o
                                      0x8005e (size before relaxing)
 .debug_str     0x000000000008082e       0x52 ./Core/Src/system_stm32f1xx.o
                                      0x7f759 (size before relaxing)
 .debug_str     0x0000000000080880       0xa0 ./Core/Src/timer.o
                                      0x80060 (size before relaxing)
 .debug_str     0x0000000000080920       0x36 ./Core/Startup/startup_stm32f103c6ux.o
                                         0x4d (size before relaxing)
 .debug_str     0x0000000000080956      0x304 ./Drivers/STM32F1xx_HAL_Driver/Src/stm32f1xx_hal.o
                                      0x7fdb0 (size before relaxing)
 .debug_str     0x0000000000080c5a      0x300 ./Drivers/STM32F1xx_HAL_Driver/Src/stm32f1xx_hal_cortex.o
                                      0x7fdb8 (size before relaxing)
 .debug_str     0x0000000000080f5a      0x316 ./Drivers/STM32F1xx_HAL_Driver/Src/stm32f1xx_hal_gpio.o
                                      0x7fb1d (size before relaxing)
 .debug_str     0x0000000000081270      0x24f ./Drivers/STM32F1xx_HAL_Driver/Src/stm32f1xx_hal_rcc.o
                                      0x7fb56 (size before relaxing)
 .debug_str     0x00000000000814bf      0xdde ./Drivers/STM32F1xx_HAL_Driver/Src/stm32f1xx_hal_tim.o
                                      0x80b3f (size before relaxing)
 .debug_str     0x000000000008229d      0x4ee ./Drivers/STM32F1xx_HAL_Driver/Src/stm32f1xx_hal_tim_ex.o
                                      0x802e0 (size before relaxing)

.comment        0x0000000000000000       0x53
 .comment       0x0000000000000000       0x53 ./Core/Src/fsm_automatic.o
                                         0x54 (size before relaxing)
 .comment       0x0000000000000053       0x54 ./Core/Src/fsm_manual.o
 .comment       0x0000000000000053       0x54 ./Core/Src/global.o
 .comment       0x0000000000000053       0x54 ./Core/Src/input_processing.o
 .comment       0x0000000000000053       0x54 ./Core/Src/input_reading.o
 .comment       0x0000000000000053       0x54 ./Core/Src/led_display.o
 .comment       0x0000000000000053       0x54 ./Core/Src/main.o
 .comment       0x0000000000000053       0x54 ./Core/Src/stm32f1xx_hal_msp.o
 .comment       0x0000000000000053       0x54 ./Core/Src/stm32f1xx_it.o
 .comment       0x0000000000000053       0x54 ./Core/Src/system_stm32f1xx.o
 .comment       0x0000000000000053       0x54 ./Core/Src/timer.o
 .comment       0x0000000000000053       0x54 ./Drivers/STM32F1xx_HAL_Driver/Src/stm32f1xx_hal.o
 .comment       0x0000000000000053       0x54 ./Drivers/STM32F1xx_HAL_Driver/Src/stm32f1xx_hal_cortex.o
 .comment       0x0000000000000053       0x54 ./Drivers/STM32F1xx_HAL_Driver/Src/stm32f1xx_hal_gpio.o
 .comment       0x0000000000000053       0x54 ./Drivers/STM32F1xx_HAL_Driver/Src/stm32f1xx_hal_rcc.o
 .comment       0x0000000000000053       0x54 ./Drivers/STM32F1xx_HAL_Driver/Src/stm32f1xx_hal_tim.o
 .comment       0x0000000000000053       0x54 ./Drivers/STM32F1xx_HAL_Driver/Src/stm32f1xx_hal_tim_ex.o

.debug_frame    0x0000000000000000     0x2b28
 .debug_frame   0x0000000000000000       0xd4 ./Core/Src/fsm_automatic.o
 .debug_frame   0x00000000000000d4       0x48 ./Core/Src/fsm_manual.o
 .debug_frame   0x000000000000011c       0x64 ./Core/Src/input_processing.o
 .debug_frame   0x0000000000000180      0x144 ./Core/Src/input_reading.o
 .debug_frame   0x00000000000002c4      0x1c8 ./Core/Src/led_display.o
 .debug_frame   0x000000000000048c       0xb0 ./Core/Src/main.o
 .debug_frame   0x000000000000053c       0x80 ./Core/Src/stm32f1xx_hal_msp.o
 .debug_frame   0x00000000000005bc      0x120 ./Core/Src/stm32f1xx_it.o
 .debug_frame   0x00000000000006dc       0x58 ./Core/Src/system_stm32f1xx.o
 .debug_frame   0x0000000000000734       0xfc ./Core/Src/timer.o
 .debug_frame   0x0000000000000830      0x334 ./Drivers/STM32F1xx_HAL_Driver/Src/stm32f1xx_hal.o
 .debug_frame   0x0000000000000b64      0x428 ./Drivers/STM32F1xx_HAL_Driver/Src/stm32f1xx_hal_cortex.o
 .debug_frame   0x0000000000000f8c      0x14c ./Drivers/STM32F1xx_HAL_Driver/Src/stm32f1xx_hal_gpio.o
 .debug_frame   0x00000000000010d8      0x218 ./Drivers/STM32F1xx_HAL_Driver/Src/stm32f1xx_hal_rcc.o
 .debug_frame   0x00000000000012f0     0x11b4 ./Drivers/STM32F1xx_HAL_Driver/Src/stm32f1xx_hal_tim.o
 .debug_frame   0x00000000000024a4      0x638 ./Drivers/STM32F1xx_HAL_Driver/Src/stm32f1xx_hal_tim_ex.o
 .debug_frame   0x0000000000002adc       0x2c g:/st/stm32cubeide_1.7.0/stm32cubeide/plugins/com.st.stm32cube.ide.mcu.externaltools.gnu-tools-for-stm32.9-2020-q2-update.win32_2.0.0.202105311346/tools/bin/../lib/gcc/arm-none-eabi/9.3.1/../../../../arm-none-eabi/lib/thumb/v7-m/nofp\libc_nano.a(lib_a-init.o)
 .debug_frame   0x0000000000002b08       0x20 g:/st/stm32cubeide_1.7.0/stm32cubeide/plugins/com.st.stm32cube.ide.mcu.externaltools.gnu-tools-for-stm32.9-2020-q2-update.win32_2.0.0.202105311346/tools/bin/../lib/gcc/arm-none-eabi/9.3.1/../../../../arm-none-eabi/lib/thumb/v7-m/nofp\libc_nano.a(lib_a-memset.o)
